// Jest Snapshot v1, https://goo.gl/fbAQLP

exports[`Should render correctly 1`] = `
<div
  className="App"
>
  <header
    className="App-header"
  >
    <img
      alt="logo"
      className="App-logo"
      src="logo.svg"
    />
    <p>
      Edit 
      <code>
        src/App.js
      </code>
       and save to reload.
    </p>
    <PickerWrapper
      locale={Object {}}
      onChange={[Function]}
      onOk={[Function]}
      onOpenChange={[Function]}
      popupStyle={Object {}}
      transitionName="slide-up"
    />
    <Button
      block={false}
      ghost={false}
      loading={false}
    >
      Hello World
    </Button>
    <a
      className="App-link"
      href="https://reactjs.org"
      rel="noopener noreferrer"
      target="_blank"
    >
      Learn React
    </a>
  </header>
</div>
`;
